Flow report for Exercise2
Wed Sep 13 11:15:24 2023
Quartus Prime Version 21.1.1 Build 850 06/23/2022 SJ Lite Edition


---------------------
; Table of Contents ;
---------------------
  1. Legal Notice
  2. Flow Summary
  3. Flow Settings
  4. Flow Non-Default Global Settings
  5. Flow Elapsed Time
  6. Flow OS Summary
  7. Flow Log
  8. Flow Messages
  9. Flow Suppressed Messages



----------------
; Legal Notice ;
----------------
Copyright (C) 2022  Intel Corporation. All rights reserved.
Your use of Intel Corporation's design tools, logic functions 
and other software and tools, and any partner logic 
functions, and any output files from any of the foregoing 
(including device programming or simulation files), and any 
associated documentation or information are expressly subject 
to the terms and conditions of the Intel Program License 
Subscription Agreement, the Intel Quartus Prime License Agreement,
the Intel FPGA IP License Agreement, or other applicable license
agreement, including, without limitation, that your use is for
the sole purpose of programming logic devices manufactured by
Intel and sold by Intel or its authorized distributors.  Please
refer to the applicable agreement for further details, at
https://fpgasoftware.intel.com/eula.



+----------------------------------------------------------------------------------+
; Flow Summary                                                                     ;
+------------------------------------+---------------------------------------------+
; Flow Status                        ; Successful - Wed Sep 13 11:15:24 2023       ;
; Quartus Prime Version              ; 21.1.1 Build 850 06/23/2022 SJ Lite Edition ;
; Revision Name                      ; Exercise2                                   ;
; Top-level Entity Name              ; four_bit_adder                              ;
; Family                             ; MAX 10                                      ;
; Device                             ; 10M50DAF484C7G                              ;
; Timing Models                      ; Final                                       ;
; Total logic elements               ; 9 / 49,760 ( < 1 % )                        ;
;     Total combinational functions  ; 9 / 49,760 ( < 1 % )                        ;
;     Dedicated logic registers      ; 0 / 49,760 ( 0 % )                          ;
; Total registers                    ; 0                                           ;
; Total pins                         ; 14 / 360 ( 4 % )                            ;
; Total virtual pins                 ; 0                                           ;
; Total memory bits                  ; 0 / 1,677,312 ( 0 % )                       ;
; Embedded Multiplier 9-bit elements ; 0 / 288 ( 0 % )                             ;
; Total PLLs                         ; 0 / 4 ( 0 % )                               ;
; UFM blocks                         ; 0 / 1 ( 0 % )                               ;
; ADC blocks                         ; 0 / 2 ( 0 % )                               ;
+------------------------------------+---------------------------------------------+


+-----------------------------------------+
; Flow Settings                           ;
+-------------------+---------------------+
; Option            ; Setting             ;
+-------------------+---------------------+
; Start date & time ; 09/13/2023 11:01:41 ;
; Main task         ; Compilation         ;
; Revision Name     ; Exercise2           ;
+-------------------+---------------------+


+--------------------------------------------------------------------------------------------------------------------------------+
; Flow Non-Default Global Settings                                                                                               ;
+-------------------------------------+----------------------------------------+---------------+----------------+----------------+
; Assignment Name                     ; Value                                  ; Default Value ; Entity Name    ; Section Id     ;
+-------------------------------------+----------------------------------------+---------------+----------------+----------------+
; COMPILER_SIGNATURE_ID               ; 168202122741055.169459570007388        ; --            ; --             ; --             ;
; EDA_MAINTAIN_DESIGN_HIERARCHY       ; On                                     ; --            ; --             ; eda_simulation ;
; EDA_OUTPUT_DATA_FORMAT              ; Vhdl                                   ; --            ; --             ; eda_simulation ;
; EDA_SIMULATION_TOOL                 ; Questa Intel FPGA (VHDL)               ; <None>        ; --             ; --             ;
; MAX_CORE_JUNCTION_TEMP              ; 85                                     ; --            ; --             ; --             ;
; MIN_CORE_JUNCTION_TEMP              ; 0                                      ; --            ; --             ; --             ;
; PARTITION_COLOR                     ; -- (Not supported for targeted family) ; --            ; four_bit_adder ; Top            ;
; PARTITION_FITTER_PRESERVATION_LEVEL ; -- (Not supported for targeted family) ; --            ; four_bit_adder ; Top            ;
; PARTITION_NETLIST_TYPE              ; -- (Not supported for targeted family) ; --            ; four_bit_adder ; Top            ;
; POWER_BOARD_THERMAL_MODEL           ; None (CONSERVATIVE)                    ; --            ; --             ; --             ;
; POWER_PRESET_COOLING_SOLUTION       ; 23 MM HEAT SINK WITH 200 LFPM AIRFLOW  ; --            ; --             ; --             ;
; PROJECT_OUTPUT_DIRECTORY            ; output_files                           ; --            ; --             ; --             ;
; SEARCH_PATH                         ; output_files/                          ; --            ; --             ; --             ;
; TOP_LEVEL_ENTITY                    ; four_bit_adder                         ; Exercise2     ; --             ; --             ;
+-------------------------------------+----------------------------------------+---------------+----------------+----------------+


+--------------------------------------------------------------------------------------------------------------------------+
; Flow Elapsed Time                                                                                                        ;
+----------------------+--------------+-------------------------+---------------------+------------------------------------+
; Module Name          ; Elapsed Time ; Average Processors Used ; Peak Virtual Memory ; Total CPU Time (on all processors) ;
+----------------------+--------------+-------------------------+---------------------+------------------------------------+
; Analysis & Synthesis ; 00:00:16     ; 1.0                     ; 4813 MB             ; 00:00:20                           ;
; Fitter               ; 00:00:14     ; 1.0                     ; 5634 MB             ; 00:00:10                           ;
; Assembler            ; 00:00:07     ; 1.0                     ; 4728 MB             ; 00:00:04                           ;
; Timing Analyzer      ; 00:00:05     ; 1.0                     ; 4825 MB             ; 00:00:03                           ;
; EDA Netlist Writer   ; 00:00:01     ; 1.0                     ; 4656 MB             ; 00:00:01                           ;
; EDA Netlist Writer   ; 00:00:01     ; 1.0                     ; 4646 MB             ; 00:00:01                           ;
; EDA Netlist Writer   ; 00:00:01     ; 1.0                     ; 4647 MB             ; 00:00:01                           ;
; EDA Netlist Writer   ; 00:00:02     ; 1.0                     ; 4646 MB             ; 00:00:01                           ;
; EDA Netlist Writer   ; 00:00:01     ; 1.0                     ; 4647 MB             ; 00:00:01                           ;
; EDA Netlist Writer   ; 00:00:01     ; 1.0                     ; 4646 MB             ; 00:00:01                           ;
; EDA Netlist Writer   ; 00:00:01     ; 1.0                     ; 4647 MB             ; 00:00:01                           ;
; EDA Netlist Writer   ; 00:00:01     ; 1.0                     ; 4646 MB             ; 00:00:01                           ;
; EDA Netlist Writer   ; 00:00:01     ; 1.0                     ; 4646 MB             ; 00:00:01                           ;
; EDA Netlist Writer   ; 00:00:01     ; 1.0                     ; 4646 MB             ; 00:00:01                           ;
; EDA Netlist Writer   ; 00:00:01     ; 1.0                     ; 4644 MB             ; 00:00:01                           ;
; EDA Netlist Writer   ; 00:00:01     ; 1.0                     ; 4646 MB             ; 00:00:01                           ;
; EDA Netlist Writer   ; 00:00:01     ; 1.0                     ; 4646 MB             ; 00:00:01                           ;
; EDA Netlist Writer   ; 00:00:01     ; 1.0                     ; 4646 MB             ; 00:00:01                           ;
; EDA Netlist Writer   ; 00:00:01     ; 1.0                     ; 4646 MB             ; 00:00:01                           ;
; EDA Netlist Writer   ; 00:00:02     ; 1.0                     ; 4647 MB             ; 00:00:01                           ;
; Total                ; 00:01:00     ; --                      ; --                  ; 00:00:53                           ;
+----------------------+--------------+-------------------------+---------------------+------------------------------------+


+------------------------------------------------------------------------------------+
; Flow OS Summary                                                                    ;
+----------------------+------------------+------------+------------+----------------+
; Module Name          ; Machine Hostname ; OS Name    ; OS Version ; Processor type ;
+----------------------+------------------+------------+------------+----------------+
; Analysis & Synthesis ; LAPTOP-SOIGTCFQ  ; Windows 10 ; 10.0       ; x86_64         ;
; Fitter               ; LAPTOP-SOIGTCFQ  ; Windows 10 ; 10.0       ; x86_64         ;
; Assembler            ; LAPTOP-SOIGTCFQ  ; Windows 10 ; 10.0       ; x86_64         ;
; Timing Analyzer      ; LAPTOP-SOIGTCFQ  ; Windows 10 ; 10.0       ; x86_64         ;
; EDA Netlist Writer   ; LAPTOP-SOIGTCFQ  ; Windows 10 ; 10.0       ; x86_64         ;
; EDA Netlist Writer   ; LAPTOP-SOIGTCFQ  ; Windows 10 ; 10.0       ; x86_64         ;
; EDA Netlist Writer   ; LAPTOP-SOIGTCFQ  ; Windows 10 ; 10.0       ; x86_64         ;
; EDA Netlist Writer   ; LAPTOP-SOIGTCFQ  ; Windows 10 ; 10.0       ; x86_64         ;
; EDA Netlist Writer   ; LAPTOP-SOIGTCFQ  ; Windows 10 ; 10.0       ; x86_64         ;
; EDA Netlist Writer   ; LAPTOP-SOIGTCFQ  ; Windows 10 ; 10.0       ; x86_64         ;
; EDA Netlist Writer   ; LAPTOP-SOIGTCFQ  ; Windows 10 ; 10.0       ; x86_64         ;
; EDA Netlist Writer   ; LAPTOP-SOIGTCFQ  ; Windows 10 ; 10.0       ; x86_64         ;
; EDA Netlist Writer   ; LAPTOP-SOIGTCFQ  ; Windows 10 ; 10.0       ; x86_64         ;
; EDA Netlist Writer   ; LAPTOP-SOIGTCFQ  ; Windows 10 ; 10.0       ; x86_64         ;
; EDA Netlist Writer   ; LAPTOP-SOIGTCFQ  ; Windows 10 ; 10.0       ; x86_64         ;
; EDA Netlist Writer   ; LAPTOP-SOIGTCFQ  ; Windows 10 ; 10.0       ; x86_64         ;
; EDA Netlist Writer   ; LAPTOP-SOIGTCFQ  ; Windows 10 ; 10.0       ; x86_64         ;
; EDA Netlist Writer   ; LAPTOP-SOIGTCFQ  ; Windows 10 ; 10.0       ; x86_64         ;
; EDA Netlist Writer   ; LAPTOP-SOIGTCFQ  ; Windows 10 ; 10.0       ; x86_64         ;
; EDA Netlist Writer   ; LAPTOP-SOIGTCFQ  ; Windows 10 ; 10.0       ; x86_64         ;
+----------------------+------------------+------------+------------+----------------+


------------
; Flow Log ;
------------
quartus_map --read_settings_files=on --write_settings_files=off Exercise2 -c Exercise2
quartus_fit --read_settings_files=off --write_settings_files=off Exercise2 -c Exercise2
quartus_asm --read_settings_files=off --write_settings_files=off Exercise2 -c Exercise2
quartus_sta Exercise2 -c Exercise2
quartus_eda --read_settings_files=off --write_settings_files=off Exercise2 -c Exercise2
quartus_eda --gen_testbench --tool=modelsim_oem --format=vhdl --write_settings_files=off Exercise2 -c Exercise2 --vector_source=C:/Users/Jacob/Downloads/Exercise2_template_restored/Waveform.vwf --testbench_file=C:/Users/Jacob/Downloads/Exercise2_template_restored/simulation/qsim/Waveform.vwf.vht
quartus_eda --write_settings_files=off --simulation=on --functional=on --flatten_buses=off --tool=modelsim_oem --format=vhdl --output_directory=C:/Users/Jacob/Downloads/Exercise2_template_restored/simulation/qsim/ Exercise2 -c Exercise2
quartus_eda --gen_testbench --tool=modelsim_oem --format=vhdl --write_settings_files=off Exercise2 -c Exercise2 --vector_source=C:/Users/Jacob/Downloads/Exercise2_template_restored/Waveform.vwf --testbench_file=C:/Users/Jacob/Downloads/Exercise2_template_restored/simulation/qsim/Waveform.vwf.vht
quartus_eda --write_settings_files=off --simulation=on --functional=on --flatten_buses=off --tool=modelsim_oem --format=vhdl --output_directory=C:/Users/Jacob/Downloads/Exercise2_template_restored/simulation/qsim/ Exercise2 -c Exercise2
quartus_eda --gen_testbench --tool=modelsim_oem --format=vhdl --write_settings_files=off Exercise2 -c Exercise2 --vector_source=C:/Users/Jacob/Downloads/Exercise2_template_restored/Waveform.vwf --testbench_file=C:/Users/Jacob/Downloads/Exercise2_template_restored/simulation/qsim/Waveform.vwf.vht
quartus_eda --write_settings_files=off --simulation=on --functional=on --flatten_buses=off --tool=modelsim_oem --format=vhdl --output_directory=C:/Users/Jacob/Downloads/Exercise2_template_restored/simulation/qsim/ Exercise2 -c Exercise2
quartus_eda --gen_testbench --tool=modelsim_oem --format=vhdl --write_settings_files=off Exercise2 -c Exercise2 --vector_source=C:/Users/Jacob/Downloads/Exercise2_template_restored/Waveform1.vwf --testbench_file=C:/Users/Jacob/Downloads/Exercise2_template_restored/simulation/qsim/Waveform1.vwf.vht
quartus_eda --gen_testbench --tool=modelsim_oem --format=vhdl --write_settings_files=off Exercise2 -c Exercise2 --vector_source=C:/Users/Jacob/Downloads/Exercise2_template_restored/woow.vwf --testbench_file=C:/Users/Jacob/Downloads/Exercise2_template_restored/simulation/modelsim/woow.vwf.vht
quartus_eda --gen_testbench --tool=modelsim_oem --format=vhdl --write_settings_files=off Exercise2 -c Exercise2 --vector_source=C:/Users/Jacob/Downloads/Exercise2_template_restored/Waveform1.vwf --testbench_file=C:/Users/Jacob/Downloads/Exercise2_template_restored/simulation/qsim/Waveform1.vwf.vht
quartus_eda --gen_testbench --tool=modelsim_oem --format=vhdl --write_settings_files=off Exercise2 -c Exercise2 --vector_source=C:/Users/Jacob/Downloads/Exercise2_template_restored/Waveform1.vwf --testbench_file=C:/Users/Jacob/Downloads/Exercise2_template_restored/simulation/qsim/Waveform1.vwf.vht
quartus_eda --gen_testbench --tool=modelsim_oem --format=vhdl --write_settings_files=off Exercise2 -c Exercise2 --vector_source=C:/Users/Jacob/Downloads/Exercise2_template_restored/Waveform1.vwf --testbench_file=C:/Users/Jacob/Downloads/Exercise2_template_restored/simulation/qsim/Waveform1.vwf.vht
quartus_eda --gen_testbench --tool=modelsim_oem --format=vhdl --write_settings_files=off Exercise2 -c Exercise2 --vector_source=C:/Users/Jacob/Downloads/Exercise2_template_restored/Waveform1.vwf --testbench_file=C:/Users/Jacob/Downloads/Exercise2_template_restored/simulation/qsim/Waveform1.vwf.vht
quartus_eda --gen_testbench --tool=modelsim_oem --format=vhdl --write_settings_files=off Exercise2 -c Exercise2 --vector_source=C:/Users/Jacob/Downloads/Exercise2_template_restored/Waveform1.vwf --testbench_file=C:/Users/Jacob/Downloads/Exercise2_template_restored/simulation/qsim/Waveform1.vwf.vht
quartus_eda --gen_testbench --tool=modelsim_oem --format=vhdl --write_settings_files=off Exercise2 -c Exercise2 --vector_source=C:/Users/Jacob/Downloads/Exercise2_template_restored/Woow.vwf --testbench_file=C:/Users/Jacob/Downloads/Exercise2_template_restored/simulation/qsim/Waveform1.vwf.vht
quartus_eda --write_settings_files=off --simulation=on --functional=on --flatten_buses=off --tool=modelsim_oem --format=vhdl --output_directory=C:/Users/Jacob/Downloads/Exercise2_template_restored/simulation/qsim/ Exercise2 -c Exercise2



