Analysis & Synthesis report for guess_game
Wed Nov 29 20:05:02 2023
Quartus Prime Version 21.1.1 Build 850 06/23/2022 SJ Lite Edition


---------------------
; Table of Contents ;
---------------------
  1. Legal Notice
  2. Analysis & Synthesis Summary
  3. Analysis & Synthesis Settings
  4. Parallel Compilation
  5. Analysis & Synthesis Source Files Read
  6. Analysis & Synthesis Resource Usage Summary
  7. Analysis & Synthesis Resource Utilization by Entity
  8. User-Specified and Inferred Latches
  9. General Register Statistics
 10. Multiplexer Restructuring Statistics (Restructuring Performed)
 11. Port Connectivity Checks: "two_player_guess_game:one_player|guess_game:guess_game0|compare:Compare_logic"
 12. Post-Synthesis Netlist Statistics for Top Partition
 13. Elapsed Time Per Partition
 14. Analysis & Synthesis Messages



----------------
; Legal Notice ;
----------------
Copyright (C) 2022  Intel Corporation. All rights reserved.
Your use of Intel Corporation's design tools, logic functions 
and other software and tools, and any partner logic 
functions, and any output files from any of the foregoing 
(including device programming or simulation files), and any 
associated documentation or information are expressly subject 
to the terms and conditions of the Intel Program License 
Subscription Agreement, the Intel Quartus Prime License Agreement,
the Intel FPGA IP License Agreement, or other applicable license
agreement, including, without limitation, that your use is for
the sole purpose of programming logic devices manufactured by
Intel and sold by Intel or its authorized distributors.  Please
refer to the applicable agreement for further details, at
https://fpgasoftware.intel.com/eula.



+----------------------------------------------------------------------------------+
; Analysis & Synthesis Summary                                                     ;
+------------------------------------+---------------------------------------------+
; Analysis & Synthesis Status        ; Successful - Wed Nov 29 20:05:02 2023       ;
; Quartus Prime Version              ; 21.1.1 Build 850 06/23/2022 SJ Lite Edition ;
; Revision Name                      ; guess_game                                  ;
; Top-level Entity Name              ; two_player_tester                           ;
; Family                             ; MAX 10                                      ;
; Total logic elements               ; 76                                          ;
;     Total combinational functions  ; 76                                          ;
;     Dedicated logic registers      ; 0                                           ;
; Total registers                    ; 0                                           ;
; Total pins                         ; 35                                          ;
; Total virtual pins                 ; 0                                           ;
; Total memory bits                  ; 0                                           ;
; Embedded Multiplier 9-bit elements ; 0                                           ;
; Total PLLs                         ; 0                                           ;
; UFM blocks                         ; 0                                           ;
; ADC blocks                         ; 0                                           ;
+------------------------------------+---------------------------------------------+


+------------------------------------------------------------------------------------------------------------+
; Analysis & Synthesis Settings                                                                              ;
+------------------------------------------------------------------+--------------------+--------------------+
; Option                                                           ; Setting            ; Default Value      ;
+------------------------------------------------------------------+--------------------+--------------------+
; Device                                                           ; 10M50DAF484C7G     ;                    ;
; Top-level entity name                                            ; two_player_tester  ; guess_game         ;
; Family name                                                      ; MAX 10             ; Cyclone V          ;
; Use smart compilation                                            ; Off                ; Off                ;
; Enable parallel Assembler and Timing Analyzer during compilation ; On                 ; On                 ;
; Enable compact report table                                      ; Off                ; Off                ;
; Restructure Multiplexers                                         ; Auto               ; Auto               ;
; Create Debugging Nodes for IP Cores                              ; Off                ; Off                ;
; Preserve fewer node names                                        ; On                 ; On                 ;
; Intel FPGA IP Evaluation Mode                                    ; Enable             ; Enable             ;
; Verilog Version                                                  ; Verilog_2001       ; Verilog_2001       ;
; VHDL Version                                                     ; VHDL_1993          ; VHDL_1993          ;
; State Machine Processing                                         ; Auto               ; Auto               ;
; Safe State Machine                                               ; Off                ; Off                ;
; Extract Verilog State Machines                                   ; On                 ; On                 ;
; Extract VHDL State Machines                                      ; On                 ; On                 ;
; Ignore Verilog initial constructs                                ; Off                ; Off                ;
; Iteration limit for constant Verilog loops                       ; 5000               ; 5000               ;
; Iteration limit for non-constant Verilog loops                   ; 250                ; 250                ;
; Add Pass-Through Logic to Inferred RAMs                          ; On                 ; On                 ;
; Infer RAMs from Raw Logic                                        ; On                 ; On                 ;
; Parallel Synthesis                                               ; On                 ; On                 ;
; DSP Block Balancing                                              ; Auto               ; Auto               ;
; NOT Gate Push-Back                                               ; On                 ; On                 ;
; Power-Up Don't Care                                              ; On                 ; On                 ;
; Remove Redundant Logic Cells                                     ; Off                ; Off                ;
; Remove Duplicate Registers                                       ; On                 ; On                 ;
; Ignore CARRY Buffers                                             ; Off                ; Off                ;
; Ignore CASCADE Buffers                                           ; Off                ; Off                ;
; Ignore GLOBAL Buffers                                            ; Off                ; Off                ;
; Ignore ROW GLOBAL Buffers                                        ; Off                ; Off                ;
; Ignore LCELL Buffers                                             ; Off                ; Off                ;
; Ignore SOFT Buffers                                              ; On                 ; On                 ;
; Limit AHDL Integers to 32 Bits                                   ; Off                ; Off                ;
; Optimization Technique                                           ; Balanced           ; Balanced           ;
; Carry Chain Length                                               ; 70                 ; 70                 ;
; Auto Carry Chains                                                ; On                 ; On                 ;
; Auto Open-Drain Pins                                             ; On                 ; On                 ;
; Perform WYSIWYG Primitive Resynthesis                            ; Off                ; Off                ;
; Auto ROM Replacement                                             ; On                 ; On                 ;
; Auto RAM Replacement                                             ; On                 ; On                 ;
; Auto DSP Block Replacement                                       ; On                 ; On                 ;
; Auto Shift Register Replacement                                  ; Auto               ; Auto               ;
; Allow Shift Register Merging across Hierarchies                  ; Auto               ; Auto               ;
; Auto Clock Enable Replacement                                    ; On                 ; On                 ;
; Strict RAM Replacement                                           ; Off                ; Off                ;
; Allow Synchronous Control Signals                                ; On                 ; On                 ;
; Force Use of Synchronous Clear Signals                           ; Off                ; Off                ;
; Auto RAM Block Balancing                                         ; On                 ; On                 ;
; Auto RAM to Logic Cell Conversion                                ; Off                ; Off                ;
; Auto Resource Sharing                                            ; Off                ; Off                ;
; Allow Any RAM Size For Recognition                               ; Off                ; Off                ;
; Allow Any ROM Size For Recognition                               ; Off                ; Off                ;
; Allow Any Shift Register Size For Recognition                    ; Off                ; Off                ;
; Use LogicLock Constraints during Resource Balancing              ; On                 ; On                 ;
; Ignore translate_off and synthesis_off directives                ; Off                ; Off                ;
; Timing-Driven Synthesis                                          ; On                 ; On                 ;
; Report Parameter Settings                                        ; On                 ; On                 ;
; Report Source Assignments                                        ; On                 ; On                 ;
; Report Connectivity Checks                                       ; On                 ; On                 ;
; Ignore Maximum Fan-Out Assignments                               ; Off                ; Off                ;
; Synchronization Register Chain Length                            ; 2                  ; 2                  ;
; Power Optimization During Synthesis                              ; Normal compilation ; Normal compilation ;
; HDL message level                                                ; Level2             ; Level2             ;
; Suppress Register Optimization Related Messages                  ; Off                ; Off                ;
; Number of Removed Registers Reported in Synthesis Report         ; 5000               ; 5000               ;
; Number of Swept Nodes Reported in Synthesis Report               ; 5000               ; 5000               ;
; Number of Inverted Registers Reported in Synthesis Report        ; 100                ; 100                ;
; Clock MUX Protection                                             ; On                 ; On                 ;
; Auto Gated Clock Conversion                                      ; Off                ; Off                ;
; Block Design Naming                                              ; Auto               ; Auto               ;
; SDC constraint protection                                        ; Off                ; Off                ;
; Synthesis Effort                                                 ; Auto               ; Auto               ;
; Shift Register Replacement - Allow Asynchronous Clear Signal     ; On                 ; On                 ;
; Pre-Mapping Resynthesis Optimization                             ; Off                ; Off                ;
; Analysis & Synthesis Message Level                               ; Medium             ; Medium             ;
; Disable Register Merging Across Hierarchies                      ; Auto               ; Auto               ;
; Resource Aware Inference For Block RAM                           ; On                 ; On                 ;
+------------------------------------------------------------------+--------------------+--------------------+


+------------------------------------------+
; Parallel Compilation                     ;
+----------------------------+-------------+
; Processors                 ; Number      ;
+----------------------------+-------------+
; Number detected on machine ; 8           ;
; Maximum allowed            ; 4           ;
;                            ;             ;
; Average used               ; 1.00        ;
; Maximum used               ; 1           ;
;                            ;             ;
; Usage by Processor         ; % Time Used ;
;     Processor 1            ; 100.0%      ;
+----------------------------+-------------+


+------------------------------------------------------------------------------------------------------------------------------------------------------------------+
; Analysis & Synthesis Source Files Read                                                                                                                           ;
+----------------------------------+-----------------+-----------------+---------------------------------------------------------------------------------+---------+
; File Name with User-Entered Path ; Used in Netlist ; File Type       ; File Name with Absolute Path                                                    ; Library ;
+----------------------------------+-----------------+-----------------+---------------------------------------------------------------------------------+---------+
; mux2.vhd                         ; yes             ; User VHDL File  ; C:/Users/Jacob/Downloads/guess_game_template_restored/mux2.vhd                  ;         ;
; mux1.vhd                         ; yes             ; User VHDL File  ; C:/Users/Jacob/Downloads/guess_game_template_restored/mux1.vhd                  ;         ;
; guess_game_tester.vhd            ; yes             ; User VHDL File  ; C:/Users/Jacob/Downloads/guess_game_template_restored/guess_game_tester.vhd     ;         ;
; guess_game.vhd                   ; yes             ; User VHDL File  ; C:/Users/Jacob/Downloads/guess_game_template_restored/guess_game.vhd            ;         ;
; compare.vhd                      ; yes             ; User VHDL File  ; C:/Users/Jacob/Downloads/guess_game_template_restored/compare.vhd               ;         ;
; bin2hex.vhd                      ; yes             ; User VHDL File  ; C:/Users/Jacob/Downloads/guess_game_template_restored/bin2hex.vhd               ;         ;
; mylatch.vhd                      ; yes             ; User VHDL File  ; C:/Users/Jacob/Downloads/guess_game_template_restored/mylatch.vhd               ;         ;
; two_player_guess_game.vhd        ; yes             ; User VHDL File  ; C:/Users/Jacob/Downloads/guess_game_template_restored/two_player_guess_game.vhd ;         ;
; mux_in.vhd                       ; yes             ; User VHDL File  ; C:/Users/Jacob/Downloads/guess_game_template_restored/mux_in.vhd                ;         ;
; mux_out.vhd                      ; yes             ; User VHDL File  ; C:/Users/Jacob/Downloads/guess_game_template_restored/mux_out.vhd               ;         ;
; two_player_tester.vhd            ; yes             ; User VHDL File  ; C:/Users/Jacob/Downloads/guess_game_template_restored/two_player_tester.vhd     ;         ;
; bin2hex_tester.vhd               ; yes             ; User VHDL File  ; C:/Users/Jacob/Downloads/guess_game_template_restored/bin2hex_tester.vhd        ;         ;
+----------------------------------+-----------------+-----------------+---------------------------------------------------------------------------------+---------+


+-----------------------------------------------------------+
; Analysis & Synthesis Resource Usage Summary               ;
+---------------------------------------------+-------------+
; Resource                                    ; Usage       ;
+---------------------------------------------+-------------+
; Estimated Total logic elements              ; 76          ;
;                                             ;             ;
; Total combinational functions               ; 76          ;
; Logic element usage by number of LUT inputs ;             ;
;     -- 4 input functions                    ; 44          ;
;     -- 3 input functions                    ; 30          ;
;     -- <=2 input functions                  ; 2           ;
;                                             ;             ;
; Logic elements by mode                      ;             ;
;     -- normal mode                          ; 76          ;
;     -- arithmetic mode                      ; 0           ;
;                                             ;             ;
; Total registers                             ; 0           ;
;     -- Dedicated logic registers            ; 0           ;
;     -- I/O registers                        ; 0           ;
;                                             ;             ;
; I/O pins                                    ; 35          ;
;                                             ;             ;
; Embedded Multiplier 9-bit elements          ; 0           ;
;                                             ;             ;
; Maximum fan-out node                        ; SW[8]~input ;
; Maximum fan-out                             ; 36          ;
; Total fan-out                               ; 323         ;
; Average fan-out                             ; 2.21        ;
+---------------------------------------------+-------------+


+---------------------------------------------------------------------------------------------------------------------------------------------------------------------------------------------------------------------------------------------------------------------------------------------------------------------------------+
; Analysis & Synthesis Resource Utilization by Entity                                                                                                                                                                                                                                                                             ;
+---------------------------------------+---------------------+---------------------------+-------------+------------+--------------+---------+-----------+------+--------------+------------+---------------------------------------------------------------------------------------------+-----------------------+--------------+
; Compilation Hierarchy Node            ; Combinational ALUTs ; Dedicated Logic Registers ; Memory Bits ; UFM Blocks ; DSP Elements ; DSP 9x9 ; DSP 18x18 ; Pins ; Virtual Pins ; ADC blocks ; Full Hierarchy Name                                                                         ; Entity Name           ; Library Name ;
+---------------------------------------+---------------------+---------------------------+-------------+------------+--------------+---------+-----------+------+--------------+------------+---------------------------------------------------------------------------------------------+-----------------------+--------------+
; |two_player_tester                    ; 76 (0)              ; 0 (0)                     ; 0           ; 0          ; 0            ; 0       ; 0         ; 35   ; 0            ; 0          ; |two_player_tester                                                                          ; two_player_tester     ; work         ;
;    |two_player_guess_game:one_player| ; 76 (0)              ; 0 (0)                     ; 0           ; 0          ; 0            ; 0       ; 0         ; 0    ; 0            ; 0          ; |two_player_tester|two_player_guess_game:one_player                                         ; two_player_guess_game ; work         ;
;       |guess_game:guess_game0|        ; 30 (0)              ; 0 (0)                     ; 0           ; 0          ; 0            ; 0       ; 0         ; 0    ; 0            ; 0          ; |two_player_tester|two_player_guess_game:one_player|guess_game:guess_game0                  ; guess_game            ; work         ;
;          |bin2hex:bin2hex1|           ; 7 (7)               ; 0 (0)                     ; 0           ; 0          ; 0            ; 0       ; 0         ; 0    ; 0            ; 0          ; |two_player_tester|two_player_guess_game:one_player|guess_game:guess_game0|bin2hex:bin2hex1 ; bin2hex               ; work         ;
;          |bin2hex:bin2hex2|           ; 7 (7)               ; 0 (0)                     ; 0           ; 0          ; 0            ; 0       ; 0         ; 0    ; 0            ; 0          ; |two_player_tester|two_player_guess_game:one_player|guess_game:guess_game0|bin2hex:bin2hex2 ; bin2hex               ; work         ;
;          |mux1:Mux1|                  ; 8 (8)               ; 0 (0)                     ; 0           ; 0          ; 0            ; 0       ; 0         ; 0    ; 0            ; 0          ; |two_player_tester|two_player_guess_game:one_player|guess_game:guess_game0|mux1:Mux1        ; mux1                  ; work         ;
;          |mylatch:Latch|              ; 8 (8)               ; 0 (0)                     ; 0           ; 0          ; 0            ; 0       ; 0         ; 0    ; 0            ; 0          ; |two_player_tester|two_player_guess_game:one_player|guess_game:guess_game0|mylatch:Latch    ; mylatch               ; work         ;
;       |guess_game:guess_game1|        ; 30 (0)              ; 0 (0)                     ; 0           ; 0          ; 0            ; 0       ; 0         ; 0    ; 0            ; 0          ; |two_player_tester|two_player_guess_game:one_player|guess_game:guess_game1                  ; guess_game            ; work         ;
;          |bin2hex:bin2hex1|           ; 7 (7)               ; 0 (0)                     ; 0           ; 0          ; 0            ; 0       ; 0         ; 0    ; 0            ; 0          ; |two_player_tester|two_player_guess_game:one_player|guess_game:guess_game1|bin2hex:bin2hex1 ; bin2hex               ; work         ;
;          |bin2hex:bin2hex2|           ; 7 (7)               ; 0 (0)                     ; 0           ; 0          ; 0            ; 0       ; 0         ; 0    ; 0            ; 0          ; |two_player_tester|two_player_guess_game:one_player|guess_game:guess_game1|bin2hex:bin2hex2 ; bin2hex               ; work         ;
;          |mux1:Mux1|                  ; 8 (8)               ; 0 (0)                     ; 0           ; 0          ; 0            ; 0       ; 0         ; 0    ; 0            ; 0          ; |two_player_tester|two_player_guess_game:one_player|guess_game:guess_game1|mux1:Mux1        ; mux1                  ; work         ;
;          |mylatch:Latch|              ; 8 (8)               ; 0 (0)                     ; 0           ; 0          ; 0            ; 0       ; 0         ; 0    ; 0            ; 0          ; |two_player_tester|two_player_guess_game:one_player|guess_game:guess_game1|mylatch:Latch    ; mylatch               ; work         ;
;       |mux_in:mux1|                   ; 2 (2)               ; 0 (0)                     ; 0           ; 0          ; 0            ; 0       ; 0         ; 0    ; 0            ; 0          ; |two_player_tester|two_player_guess_game:one_player|mux_in:mux1                             ; mux_in                ; work         ;
;       |mux_out:mux2|                  ; 14 (14)             ; 0 (0)                     ; 0           ; 0          ; 0            ; 0       ; 0         ; 0    ; 0            ; 0          ; |two_player_tester|two_player_guess_game:one_player|mux_out:mux2                            ; mux_out               ; work         ;
+---------------------------------------+---------------------+---------------------------+-------------+------------+--------------+---------+-----------+------+--------------+------------+---------------------------------------------------------------------------------------------+-----------------------+--------------+
Note: For table entries with two numbers listed, the numbers in parentheses indicate the number of resources of the given type used by the specific entity alone. The numbers listed outside of parentheses indicate the total resources of the given type used by the specific entity and all of its sub-entities in the hierarchy.


+-------------------------------------------------------------------------------------------------------------------------------------------------------------------+
; User-Specified and Inferred Latches                                                                                                                               ;
+----------------------------------------------------------------------------------+-------------------------------------------------------+------------------------+
; Latch Name                                                                       ; Latch Enable Signal                                   ; Free of Timing Hazards ;
+----------------------------------------------------------------------------------+-------------------------------------------------------+------------------------+
; two_player_guess_game:one_player|guess_game:guess_game0|mylatch:Latch|set_val[4] ; two_player_guess_game:one_player|mux_in:mux1|set0_out ; yes                    ;
; two_player_guess_game:one_player|guess_game:guess_game0|mylatch:Latch|set_val[5] ; two_player_guess_game:one_player|mux_in:mux1|set0_out ; yes                    ;
; two_player_guess_game:one_player|guess_game:guess_game0|mylatch:Latch|set_val[6] ; two_player_guess_game:one_player|mux_in:mux1|set0_out ; yes                    ;
; two_player_guess_game:one_player|guess_game:guess_game0|mylatch:Latch|set_val[7] ; two_player_guess_game:one_player|mux_in:mux1|set0_out ; yes                    ;
; two_player_guess_game:one_player|guess_game:guess_game1|mylatch:Latch|set_val[4] ; two_player_guess_game:one_player|mux_in:mux1|set1_out ; yes                    ;
; two_player_guess_game:one_player|guess_game:guess_game1|mylatch:Latch|set_val[5] ; two_player_guess_game:one_player|mux_in:mux1|set1_out ; yes                    ;
; two_player_guess_game:one_player|guess_game:guess_game1|mylatch:Latch|set_val[6] ; two_player_guess_game:one_player|mux_in:mux1|set1_out ; yes                    ;
; two_player_guess_game:one_player|guess_game:guess_game1|mylatch:Latch|set_val[7] ; two_player_guess_game:one_player|mux_in:mux1|set1_out ; yes                    ;
; two_player_guess_game:one_player|guess_game:guess_game0|mylatch:Latch|set_val[0] ; two_player_guess_game:one_player|mux_in:mux1|set0_out ; yes                    ;
; two_player_guess_game:one_player|guess_game:guess_game0|mylatch:Latch|set_val[1] ; two_player_guess_game:one_player|mux_in:mux1|set0_out ; yes                    ;
; two_player_guess_game:one_player|guess_game:guess_game0|mylatch:Latch|set_val[2] ; two_player_guess_game:one_player|mux_in:mux1|set0_out ; yes                    ;
; two_player_guess_game:one_player|guess_game:guess_game0|mylatch:Latch|set_val[3] ; two_player_guess_game:one_player|mux_in:mux1|set0_out ; yes                    ;
; two_player_guess_game:one_player|guess_game:guess_game1|mylatch:Latch|set_val[0] ; two_player_guess_game:one_player|mux_in:mux1|set1_out ; yes                    ;
; two_player_guess_game:one_player|guess_game:guess_game1|mylatch:Latch|set_val[1] ; two_player_guess_game:one_player|mux_in:mux1|set1_out ; yes                    ;
; two_player_guess_game:one_player|guess_game:guess_game1|mylatch:Latch|set_val[2] ; two_player_guess_game:one_player|mux_in:mux1|set1_out ; yes                    ;
; two_player_guess_game:one_player|guess_game:guess_game1|mylatch:Latch|set_val[3] ; two_player_guess_game:one_player|mux_in:mux1|set1_out ; yes                    ;
; Number of user-specified and inferred latches = 16                               ;                                                       ;                        ;
+----------------------------------------------------------------------------------+-------------------------------------------------------+------------------------+
Note: All latches listed above may not be present at the end of synthesis due to various synthesis optimizations.


+------------------------------------------------------+
; General Register Statistics                          ;
+----------------------------------------------+-------+
; Statistic                                    ; Value ;
+----------------------------------------------+-------+
; Total registers                              ; 0     ;
; Number of registers using Synchronous Clear  ; 0     ;
; Number of registers using Synchronous Load   ; 0     ;
; Number of registers using Asynchronous Clear ; 0     ;
; Number of registers using Asynchronous Load  ; 0     ;
; Number of registers using Clock Enable       ; 0     ;
; Number of registers using Preset             ; 0     ;
+----------------------------------------------+-------+


+---------------------------------------------------------------------------------------------------------------------------------------------------------------------------------------------------------------+
; Multiplexer Restructuring Statistics (Restructuring Performed)                                                                                                                                                ;
+--------------------+-----------+---------------+----------------------+------------------------+------------+-------------------------------------------------------------------------------------------------+
; Multiplexer Inputs ; Bus Width ; Baseline Area ; Area if Restructured ; Saving if Restructured ; Registered ; Example Multiplexer Output                                                                      ;
+--------------------+-----------+---------------+----------------------+------------------------+------------+-------------------------------------------------------------------------------------------------+
; 1:1                ; 3 bits    ; 0 LEs         ; 0 LEs                ; 0 LEs                  ; No         ; |two_player_tester|two_player_guess_game:one_player|guess_game:guess_game1|mux2:mux2|output[11] ;
; 1:1                ; 3 bits    ; 0 LEs         ; 0 LEs                ; 0 LEs                  ; No         ; |two_player_tester|two_player_guess_game:one_player|guess_game:guess_game0|mux2:mux2|output[12] ;
+--------------------+-----------+---------------+----------------------+------------------------+------------+-------------------------------------------------------------------------------------------------+


+----------------------------------------------------------------------------------------------------------------+
; Port Connectivity Checks: "two_player_guess_game:one_player|guess_game:guess_game0|compare:Compare_logic"      ;
+------+--------+----------+-------------------------------------------------------------------------------------+
; Port ; Type   ; Severity ; Details                                                                             ;
+------+--------+----------+-------------------------------------------------------------------------------------+
; lo   ; Output ; Info     ; Connected to dangling logic. Logic that only feeds a dangling port will be removed. ;
; hi   ; Output ; Info     ; Connected to dangling logic. Logic that only feeds a dangling port will be removed. ;
; eq   ; Output ; Info     ; Connected to dangling logic. Logic that only feeds a dangling port will be removed. ;
+------+--------+----------+-------------------------------------------------------------------------------------+


+-----------------------------------------------------+
; Post-Synthesis Netlist Statistics for Top Partition ;
+-----------------------+-----------------------------+
; Type                  ; Count                       ;
+-----------------------+-----------------------------+
; boundary_port         ; 35                          ;
; cycloneiii_lcell_comb ; 80                          ;
;     normal            ; 80                          ;
;         0 data inputs ; 2                           ;
;         1 data inputs ; 2                           ;
;         2 data inputs ; 2                           ;
;         3 data inputs ; 30                          ;
;         4 data inputs ; 44                          ;
;                       ;                             ;
; Max LUT depth         ; 4.00                        ;
; Average LUT depth     ; 3.23                        ;
+-----------------------+-----------------------------+


+-------------------------------+
; Elapsed Time Per Partition    ;
+----------------+--------------+
; Partition Name ; Elapsed Time ;
+----------------+--------------+
; Top            ; 00:00:00     ;
+----------------+--------------+


+-------------------------------+
; Analysis & Synthesis Messages ;
+-------------------------------+
Info: *******************************************************************
Info: Running Quartus Prime Analysis & Synthesis
    Info: Version 21.1.1 Build 850 06/23/2022 SJ Lite Edition
    Info: Processing started: Wed Nov 29 20:04:51 2023
Info: Command: quartus_map --read_settings_files=on --write_settings_files=off guess_game -c guess_game
Warning (18236): Number of processors has not been specified which may cause overloading on shared machines.  Set the global assignment NUM_PARALLEL_PROCESSORS in your QSF to an appropriate value for best performance.
Info (20030): Parallel compilation is enabled and will use 4 of the 4 processors detected
Info (12021): Found 2 design units, including 1 entities, in source file mux2.vhd
    Info (12022): Found design unit 1: mux2-mux2_impl File: C:/Users/Jacob/Downloads/guess_game_template_restored/mux2.vhd Line: 15
    Info (12023): Found entity 1: mux2 File: C:/Users/Jacob/Downloads/guess_game_template_restored/mux2.vhd Line: 5
Info (12021): Found 2 design units, including 1 entities, in source file mux1.vhd
    Info (12022): Found design unit 1: mux1-mux1_impl File: C:/Users/Jacob/Downloads/guess_game_template_restored/mux1.vhd Line: 17
    Info (12023): Found entity 1: mux1 File: C:/Users/Jacob/Downloads/guess_game_template_restored/mux1.vhd Line: 5
Info (12021): Found 2 design units, including 1 entities, in source file guess_game_tester.vhd
    Info (12022): Found design unit 1: guess_game_tester-guess_game_tester_impl File: C:/Users/Jacob/Downloads/guess_game_template_restored/guess_game_tester.vhd Line: 17
    Info (12023): Found entity 1: guess_game_tester File: C:/Users/Jacob/Downloads/guess_game_template_restored/guess_game_tester.vhd Line: 6
Info (12021): Found 2 design units, including 1 entities, in source file guess_game.vhd
    Info (12022): Found design unit 1: guess_game-guess_game_impl File: C:/Users/Jacob/Downloads/guess_game_template_restored/guess_game.vhd Line: 18
    Info (12023): Found entity 1: guess_game File: C:/Users/Jacob/Downloads/guess_game_template_restored/guess_game.vhd Line: 6
Info (12021): Found 2 design units, including 1 entities, in source file compare.vhd
    Info (12022): Found design unit 1: compare-compare_impl File: C:/Users/Jacob/Downloads/guess_game_template_restored/compare.vhd Line: 16
    Info (12023): Found entity 1: compare File: C:/Users/Jacob/Downloads/guess_game_template_restored/compare.vhd Line: 4
Info (12021): Found 2 design units, including 1 entities, in source file bin2hex.vhd
    Info (12022): Found design unit 1: bin2hex-bin2hex_impl File: C:/Users/Jacob/Downloads/guess_game_template_restored/bin2hex.vhd Line: 15
    Info (12023): Found entity 1: bin2hex File: C:/Users/Jacob/Downloads/guess_game_template_restored/bin2hex.vhd Line: 5
Info (12021): Found 2 design units, including 1 entities, in source file mylatch.vhd
    Info (12022): Found design unit 1: mylatch-latch_impl File: C:/Users/Jacob/Downloads/guess_game_template_restored/mylatch.vhd Line: 16
    Info (12023): Found entity 1: mylatch File: C:/Users/Jacob/Downloads/guess_game_template_restored/mylatch.vhd Line: 5
Info (12021): Found 2 design units, including 1 entities, in source file two_player_guess_game.vhd
    Info (12022): Found design unit 1: two_player_guess_game-two_player File: C:/Users/Jacob/Downloads/guess_game_template_restored/two_player_guess_game.vhd Line: 23
    Info (12023): Found entity 1: two_player_guess_game File: C:/Users/Jacob/Downloads/guess_game_template_restored/two_player_guess_game.vhd Line: 6
Info (12021): Found 2 design units, including 1 entities, in source file mux_in.vhd
    Info (12022): Found design unit 1: mux_in-mux File: C:/Users/Jacob/Downloads/guess_game_template_restored/mux_in.vhd Line: 29
    Info (12023): Found entity 1: mux_in File: C:/Users/Jacob/Downloads/guess_game_template_restored/mux_in.vhd Line: 5
Info (12021): Found 2 design units, including 1 entities, in source file mux_out.vhd
    Info (12022): Found design unit 1: mux_out-mux File: C:/Users/Jacob/Downloads/guess_game_template_restored/mux_out.vhd Line: 19
    Info (12023): Found entity 1: mux_out File: C:/Users/Jacob/Downloads/guess_game_template_restored/mux_out.vhd Line: 5
Info (12021): Found 2 design units, including 1 entities, in source file two_player_tester.vhd
    Info (12022): Found design unit 1: two_player_tester-two_player_guess_game_tester_impl File: C:/Users/Jacob/Downloads/guess_game_template_restored/two_player_tester.vhd Line: 20
    Info (12023): Found entity 1: two_player_tester File: C:/Users/Jacob/Downloads/guess_game_template_restored/two_player_tester.vhd Line: 6
Info (12021): Found 2 design units, including 1 entities, in source file bin2hex_tester.vhd
    Info (12022): Found design unit 1: bin2hex_tester-easteregg File: C:/Users/Jacob/Downloads/guess_game_template_restored/bin2hex_tester.vhd Line: 16
    Info (12023): Found entity 1: bin2hex_tester File: C:/Users/Jacob/Downloads/guess_game_template_restored/bin2hex_tester.vhd Line: 6
Info (12127): Elaborating entity "two_player_tester" for the top level hierarchy
Info (12128): Elaborating entity "two_player_guess_game" for hierarchy "two_player_guess_game:one_player" File: C:/Users/Jacob/Downloads/guess_game_template_restored/two_player_tester.vhd Line: 22
Critical Warning (10920): VHDL Incomplete Partial Association warning at two_player_guess_game.vhd(49): port or argument "bin" has 3/4 unassociated elements File: C:/Users/Jacob/Downloads/guess_game_template_restored/two_player_guess_game.vhd Line: 49
Info (12128): Elaborating entity "guess_game" for hierarchy "two_player_guess_game:one_player|guess_game:guess_game0" File: C:/Users/Jacob/Downloads/guess_game_template_restored/two_player_guess_game.vhd Line: 29
Warning (10541): VHDL Signal Declaration warning at guess_game.vhd(24): used implicit default value for signal "lo" because signal was never assigned a value or an explicit default value. Use of implicit default value may introduce unintended design optimizations. File: C:/Users/Jacob/Downloads/guess_game_template_restored/guess_game.vhd Line: 24
Warning (10541): VHDL Signal Declaration warning at guess_game.vhd(25): used implicit default value for signal "hi" because signal was never assigned a value or an explicit default value. Use of implicit default value may introduce unintended design optimizations. File: C:/Users/Jacob/Downloads/guess_game_template_restored/guess_game.vhd Line: 25
Warning (10541): VHDL Signal Declaration warning at guess_game.vhd(26): used implicit default value for signal "eq" because signal was never assigned a value or an explicit default value. Use of implicit default value may introduce unintended design optimizations. File: C:/Users/Jacob/Downloads/guess_game_template_restored/guess_game.vhd Line: 26
Info (12128): Elaborating entity "mylatch" for hierarchy "two_player_guess_game:one_player|guess_game:guess_game0|mylatch:Latch" File: C:/Users/Jacob/Downloads/guess_game_template_restored/guess_game.vhd Line: 29
Warning (10631): VHDL Process Statement warning at mylatch.vhd(18): inferring latch(es) for signal or variable "set_val", which holds its previous value in one or more paths through the process File: C:/Users/Jacob/Downloads/guess_game_template_restored/mylatch.vhd Line: 18
Info (10041): Inferred latch for "set_val[0]" at mylatch.vhd(18) File: C:/Users/Jacob/Downloads/guess_game_template_restored/mylatch.vhd Line: 18
Info (10041): Inferred latch for "set_val[1]" at mylatch.vhd(18) File: C:/Users/Jacob/Downloads/guess_game_template_restored/mylatch.vhd Line: 18
Info (10041): Inferred latch for "set_val[2]" at mylatch.vhd(18) File: C:/Users/Jacob/Downloads/guess_game_template_restored/mylatch.vhd Line: 18
Info (10041): Inferred latch for "set_val[3]" at mylatch.vhd(18) File: C:/Users/Jacob/Downloads/guess_game_template_restored/mylatch.vhd Line: 18
Info (10041): Inferred latch for "set_val[4]" at mylatch.vhd(18) File: C:/Users/Jacob/Downloads/guess_game_template_restored/mylatch.vhd Line: 18
Info (10041): Inferred latch for "set_val[5]" at mylatch.vhd(18) File: C:/Users/Jacob/Downloads/guess_game_template_restored/mylatch.vhd Line: 18
Info (10041): Inferred latch for "set_val[6]" at mylatch.vhd(18) File: C:/Users/Jacob/Downloads/guess_game_template_restored/mylatch.vhd Line: 18
Info (10041): Inferred latch for "set_val[7]" at mylatch.vhd(18) File: C:/Users/Jacob/Downloads/guess_game_template_restored/mylatch.vhd Line: 18
Info (12128): Elaborating entity "compare" for hierarchy "two_player_guess_game:one_player|guess_game:guess_game0|compare:Compare_logic" File: C:/Users/Jacob/Downloads/guess_game_template_restored/guess_game.vhd Line: 37
Warning (10631): VHDL Process Statement warning at compare.vhd(18): inferring latch(es) for signal or variable "hi", which holds its previous value in one or more paths through the process File: C:/Users/Jacob/Downloads/guess_game_template_restored/compare.vhd Line: 18
Warning (10631): VHDL Process Statement warning at compare.vhd(18): inferring latch(es) for signal or variable "lo", which holds its previous value in one or more paths through the process File: C:/Users/Jacob/Downloads/guess_game_template_restored/compare.vhd Line: 18
Warning (10631): VHDL Process Statement warning at compare.vhd(18): inferring latch(es) for signal or variable "eq", which holds its previous value in one or more paths through the process File: C:/Users/Jacob/Downloads/guess_game_template_restored/compare.vhd Line: 18
Info (10041): Inferred latch for "eq" at compare.vhd(18) File: C:/Users/Jacob/Downloads/guess_game_template_restored/compare.vhd Line: 18
Info (10041): Inferred latch for "lo" at compare.vhd(18) File: C:/Users/Jacob/Downloads/guess_game_template_restored/compare.vhd Line: 18
Info (10041): Inferred latch for "hi" at compare.vhd(18) File: C:/Users/Jacob/Downloads/guess_game_template_restored/compare.vhd Line: 18
Info (12128): Elaborating entity "mux1" for hierarchy "two_player_guess_game:one_player|guess_game:guess_game0|mux1:Mux1" File: C:/Users/Jacob/Downloads/guess_game_template_restored/guess_game.vhd Line: 45
Warning (10492): VHDL Process Statement warning at mux1.vhd(24): signal "try_val" is read inside the Process Statement but isn't in the Process Statement's sensitivity list File: C:/Users/Jacob/Downloads/guess_game_template_restored/mux1.vhd Line: 24
Info (12128): Elaborating entity "bin2hex" for hierarchy "two_player_guess_game:one_player|guess_game:guess_game0|bin2hex:bin2hex1" File: C:/Users/Jacob/Downloads/guess_game_template_restored/guess_game.vhd Line: 54
Info (12128): Elaborating entity "mux2" for hierarchy "two_player_guess_game:one_player|guess_game:guess_game0|mux2:mux2" File: C:/Users/Jacob/Downloads/guess_game_template_restored/guess_game.vhd Line: 70
Warning (10631): VHDL Process Statement warning at mux2.vhd(17): inferring latch(es) for signal or variable "output", which holds its previous value in one or more paths through the process File: C:/Users/Jacob/Downloads/guess_game_template_restored/mux2.vhd Line: 17
Info (10041): Inferred latch for "output[0]" at mux2.vhd(17) File: C:/Users/Jacob/Downloads/guess_game_template_restored/mux2.vhd Line: 17
Info (10041): Inferred latch for "output[1]" at mux2.vhd(17) File: C:/Users/Jacob/Downloads/guess_game_template_restored/mux2.vhd Line: 17
Info (10041): Inferred latch for "output[2]" at mux2.vhd(17) File: C:/Users/Jacob/Downloads/guess_game_template_restored/mux2.vhd Line: 17
Info (10041): Inferred latch for "output[3]" at mux2.vhd(17) File: C:/Users/Jacob/Downloads/guess_game_template_restored/mux2.vhd Line: 17
Info (10041): Inferred latch for "output[4]" at mux2.vhd(17) File: C:/Users/Jacob/Downloads/guess_game_template_restored/mux2.vhd Line: 17
Info (10041): Inferred latch for "output[5]" at mux2.vhd(17) File: C:/Users/Jacob/Downloads/guess_game_template_restored/mux2.vhd Line: 17
Info (10041): Inferred latch for "output[6]" at mux2.vhd(17) File: C:/Users/Jacob/Downloads/guess_game_template_restored/mux2.vhd Line: 17
Info (10041): Inferred latch for "output[7]" at mux2.vhd(17) File: C:/Users/Jacob/Downloads/guess_game_template_restored/mux2.vhd Line: 17
Info (10041): Inferred latch for "output[8]" at mux2.vhd(17) File: C:/Users/Jacob/Downloads/guess_game_template_restored/mux2.vhd Line: 17
Info (10041): Inferred latch for "output[9]" at mux2.vhd(17) File: C:/Users/Jacob/Downloads/guess_game_template_restored/mux2.vhd Line: 17
Info (10041): Inferred latch for "output[10]" at mux2.vhd(17) File: C:/Users/Jacob/Downloads/guess_game_template_restored/mux2.vhd Line: 17
Info (10041): Inferred latch for "output[11]" at mux2.vhd(17) File: C:/Users/Jacob/Downloads/guess_game_template_restored/mux2.vhd Line: 17
Info (10041): Inferred latch for "output[12]" at mux2.vhd(17) File: C:/Users/Jacob/Downloads/guess_game_template_restored/mux2.vhd Line: 17
Info (10041): Inferred latch for "output[13]" at mux2.vhd(17) File: C:/Users/Jacob/Downloads/guess_game_template_restored/mux2.vhd Line: 17
Info (12128): Elaborating entity "mux_in" for hierarchy "two_player_guess_game:one_player|mux_in:mux1" File: C:/Users/Jacob/Downloads/guess_game_template_restored/two_player_guess_game.vhd Line: 57
Info (12128): Elaborating entity "mux_out" for hierarchy "two_player_guess_game:one_player|mux_out:mux2" File: C:/Users/Jacob/Downloads/guess_game_template_restored/two_player_guess_game.vhd Line: 78
Warning (14026): LATCH primitive "two_player_guess_game:one_player|guess_game:guess_game1|mux2:mux2|output[7]" is permanently enabled File: C:/Users/Jacob/Downloads/guess_game_template_restored/mux2.vhd Line: 17
Warning (14026): LATCH primitive "two_player_guess_game:one_player|guess_game:guess_game0|mux2:mux2|output[7]" is permanently enabled File: C:/Users/Jacob/Downloads/guess_game_template_restored/mux2.vhd Line: 17
Warning (14026): LATCH primitive "two_player_guess_game:one_player|guess_game:guess_game1|mux2:mux2|output[8]" is permanently enabled File: C:/Users/Jacob/Downloads/guess_game_template_restored/mux2.vhd Line: 17
Warning (14026): LATCH primitive "two_player_guess_game:one_player|guess_game:guess_game0|mux2:mux2|output[8]" is permanently enabled File: C:/Users/Jacob/Downloads/guess_game_template_restored/mux2.vhd Line: 17
Warning (14026): LATCH primitive "two_player_guess_game:one_player|guess_game:guess_game1|mux2:mux2|output[9]" is permanently enabled File: C:/Users/Jacob/Downloads/guess_game_template_restored/mux2.vhd Line: 17
Warning (14026): LATCH primitive "two_player_guess_game:one_player|guess_game:guess_game0|mux2:mux2|output[9]" is permanently enabled File: C:/Users/Jacob/Downloads/guess_game_template_restored/mux2.vhd Line: 17
Warning (14026): LATCH primitive "two_player_guess_game:one_player|guess_game:guess_game1|mux2:mux2|output[10]" is permanently enabled File: C:/Users/Jacob/Downloads/guess_game_template_restored/mux2.vhd Line: 17
Warning (14026): LATCH primitive "two_player_guess_game:one_player|guess_game:guess_game0|mux2:mux2|output[10]" is permanently enabled File: C:/Users/Jacob/Downloads/guess_game_template_restored/mux2.vhd Line: 17
Warning (14026): LATCH primitive "two_player_guess_game:one_player|guess_game:guess_game1|mux2:mux2|output[11]" is permanently enabled File: C:/Users/Jacob/Downloads/guess_game_template_restored/mux2.vhd Line: 17
Warning (14026): LATCH primitive "two_player_guess_game:one_player|guess_game:guess_game0|mux2:mux2|output[11]" is permanently enabled File: C:/Users/Jacob/Downloads/guess_game_template_restored/mux2.vhd Line: 17
Warning (14026): LATCH primitive "two_player_guess_game:one_player|guess_game:guess_game1|mux2:mux2|output[12]" is permanently enabled File: C:/Users/Jacob/Downloads/guess_game_template_restored/mux2.vhd Line: 17
Warning (14026): LATCH primitive "two_player_guess_game:one_player|guess_game:guess_game0|mux2:mux2|output[12]" is permanently enabled File: C:/Users/Jacob/Downloads/guess_game_template_restored/mux2.vhd Line: 17
Warning (14026): LATCH primitive "two_player_guess_game:one_player|guess_game:guess_game1|mux2:mux2|output[13]" is permanently enabled File: C:/Users/Jacob/Downloads/guess_game_template_restored/mux2.vhd Line: 17
Warning (14026): LATCH primitive "two_player_guess_game:one_player|guess_game:guess_game0|mux2:mux2|output[13]" is permanently enabled File: C:/Users/Jacob/Downloads/guess_game_template_restored/mux2.vhd Line: 17
Warning (14026): LATCH primitive "two_player_guess_game:one_player|guess_game:guess_game1|mux2:mux2|output[0]" is permanently enabled File: C:/Users/Jacob/Downloads/guess_game_template_restored/mux2.vhd Line: 17
Warning (14026): LATCH primitive "two_player_guess_game:one_player|guess_game:guess_game0|mux2:mux2|output[0]" is permanently enabled File: C:/Users/Jacob/Downloads/guess_game_template_restored/mux2.vhd Line: 17
Warning (14026): LATCH primitive "two_player_guess_game:one_player|guess_game:guess_game1|mux2:mux2|output[1]" is permanently enabled File: C:/Users/Jacob/Downloads/guess_game_template_restored/mux2.vhd Line: 17
Warning (14026): LATCH primitive "two_player_guess_game:one_player|guess_game:guess_game0|mux2:mux2|output[1]" is permanently enabled File: C:/Users/Jacob/Downloads/guess_game_template_restored/mux2.vhd Line: 17
Warning (14026): LATCH primitive "two_player_guess_game:one_player|guess_game:guess_game1|mux2:mux2|output[2]" is permanently enabled File: C:/Users/Jacob/Downloads/guess_game_template_restored/mux2.vhd Line: 17
Warning (14026): LATCH primitive "two_player_guess_game:one_player|guess_game:guess_game0|mux2:mux2|output[2]" is permanently enabled File: C:/Users/Jacob/Downloads/guess_game_template_restored/mux2.vhd Line: 17
Warning (14026): LATCH primitive "two_player_guess_game:one_player|guess_game:guess_game1|mux2:mux2|output[3]" is permanently enabled File: C:/Users/Jacob/Downloads/guess_game_template_restored/mux2.vhd Line: 17
Warning (14026): LATCH primitive "two_player_guess_game:one_player|guess_game:guess_game0|mux2:mux2|output[3]" is permanently enabled File: C:/Users/Jacob/Downloads/guess_game_template_restored/mux2.vhd Line: 17
Warning (14026): LATCH primitive "two_player_guess_game:one_player|guess_game:guess_game1|mux2:mux2|output[4]" is permanently enabled File: C:/Users/Jacob/Downloads/guess_game_template_restored/mux2.vhd Line: 17
Warning (14026): LATCH primitive "two_player_guess_game:one_player|guess_game:guess_game0|mux2:mux2|output[4]" is permanently enabled File: C:/Users/Jacob/Downloads/guess_game_template_restored/mux2.vhd Line: 17
Warning (14026): LATCH primitive "two_player_guess_game:one_player|guess_game:guess_game1|mux2:mux2|output[5]" is permanently enabled File: C:/Users/Jacob/Downloads/guess_game_template_restored/mux2.vhd Line: 17
Warning (14026): LATCH primitive "two_player_guess_game:one_player|guess_game:guess_game0|mux2:mux2|output[5]" is permanently enabled File: C:/Users/Jacob/Downloads/guess_game_template_restored/mux2.vhd Line: 17
Warning (14026): LATCH primitive "two_player_guess_game:one_player|guess_game:guess_game1|mux2:mux2|output[6]" is permanently enabled File: C:/Users/Jacob/Downloads/guess_game_template_restored/mux2.vhd Line: 17
Warning (14026): LATCH primitive "two_player_guess_game:one_player|guess_game:guess_game0|mux2:mux2|output[6]" is permanently enabled File: C:/Users/Jacob/Downloads/guess_game_template_restored/mux2.vhd Line: 17
Warning (13024): Output pins are stuck at VCC or GND
    Warning (13410): Pin "HEX5[1]" is stuck at GND File: C:/Users/Jacob/Downloads/guess_game_template_restored/two_player_tester.vhd Line: 16
    Warning (13410): Pin "HEX5[2]" is stuck at GND File: C:/Users/Jacob/Downloads/guess_game_template_restored/two_player_tester.vhd Line: 16
    Warning (13410): Pin "HEX5[6]" is stuck at VCC File: C:/Users/Jacob/Downloads/guess_game_template_restored/two_player_tester.vhd Line: 16
Info (286030): Timing-Driven Synthesis is running
Warning (20013): Ignored 185 assignments for entity "DE10_Lite" -- entity does not exist in design
    Warning (20014): Assignment for entity set_instance_assignment -name IO_STANDARD "3.3-V LVTTL" -to ARDUINO_IO[0] -entity DE10_Lite was ignored
    Warning (20014): Assignment for entity set_instance_assignment -name IO_STANDARD "3.3-V LVTTL" -to ARDUINO_IO[10] -entity DE10_Lite was ignored
    Warning (20014): Assignment for entity set_instance_assignment -name IO_STANDARD "3.3-V LVTTL" -to ARDUINO_IO[11] -entity DE10_Lite was ignored
    Warning (20014): Assignment for entity set_instance_assignment -name IO_STANDARD "3.3-V LVTTL" -to ARDUINO_IO[12] -entity DE10_Lite was ignored
    Warning (20014): Assignment for entity set_instance_assignment -name IO_STANDARD "3.3-V LVTTL" -to ARDUINO_IO[13] -entity DE10_Lite was ignored
    Warning (20014): Assignment for entity set_instance_assignment -name IO_STANDARD "3.3-V LVTTL" -to ARDUINO_IO[14] -entity DE10_Lite was ignored
    Warning (20014): Assignment for entity set_instance_assignment -name IO_STANDARD "3.3-V LVTTL" -to ARDUINO_IO[15] -entity DE10_Lite was ignored
    Warning (20014): Assignment for entity set_instance_assignment -name IO_STANDARD "3.3-V LVTTL" -to ARDUINO_IO[1] -entity DE10_Lite was ignored
    Warning (20014): Assignment for entity set_instance_assignment -name IO_STANDARD "3.3-V LVTTL" -to ARDUINO_IO[2] -entity DE10_Lite was ignored
    Warning (20014): Assignment for entity set_instance_assignment -name IO_STANDARD "3.3-V LVTTL" -to ARDUINO_IO[3] -entity DE10_Lite was ignored
    Warning (20014): Assignment for entity set_instance_assignment -name IO_STANDARD "3.3-V LVTTL" -to ARDUINO_IO[4] -entity DE10_Lite was ignored
    Warning (20014): Assignment for entity set_instance_assignment -name IO_STANDARD "3.3-V LVTTL" -to ARDUINO_IO[5] -entity DE10_Lite was ignored
    Warning (20014): Assignment for entity set_instance_assignment -name IO_STANDARD "3.3-V LVTTL" -to ARDUINO_IO[6] -entity DE10_Lite was ignored
    Warning (20014): Assignment for entity set_instance_assignment -name IO_STANDARD "3.3-V LVTTL" -to ARDUINO_IO[7] -entity DE10_Lite was ignored
    Warning (20014): Assignment for entity set_instance_assignment -name IO_STANDARD "3.3-V LVTTL" -to ARDUINO_IO[8] -entity DE10_Lite was ignored
    Warning (20014): Assignment for entity set_instance_assignment -name IO_STANDARD "3.3-V LVTTL" -to ARDUINO_IO[9] -entity DE10_Lite was ignored
    Warning (20014): Assignment for entity set_instance_assignment -name IO_STANDARD "3.3-V LVTTL" -to ARDUINO_RESET_N -entity DE10_Lite was ignored
    Warning (20014): Assignment for entity set_instance_assignment -name IO_STANDARD "3.3-V LVTTL" -to CLOCK2_50 -entity DE10_Lite was ignored
    Warning (20014): Assignment for entity set_instance_assignment -name IO_STANDARD "3.3-V LVTTL" -to CLOCK_50 -entity DE10_Lite was ignored
    Warning (20014): Assignment for entity set_instance_assignment -name IO_STANDARD "3.3-V LVTTL" -to CLOCK_ADC_10 -entity DE10_Lite was ignored
    Warning (20014): Assignment for entity set_instance_assignment -name IO_STANDARD "3.3-V LVTTL" -to DRAM_ADDR[0] -entity DE10_Lite was ignored
    Warning (20014): Assignment for entity set_instance_assignment -name IO_STANDARD "3.3-V LVTTL" -to DRAM_ADDR[10] -entity DE10_Lite was ignored
    Warning (20014): Assignment for entity set_instance_assignment -name IO_STANDARD "3.3-V LVTTL" -to DRAM_ADDR[11] -entity DE10_Lite was ignored
    Warning (20014): Assignment for entity set_instance_assignment -name IO_STANDARD "3.3-V LVTTL" -to DRAM_ADDR[12] -entity DE10_Lite was ignored
    Warning (20014): Assignment for entity set_instance_assignment -name IO_STANDARD "3.3-V LVTTL" -to DRAM_ADDR[1] -entity DE10_Lite was ignored
    Warning (20014): Assignment for entity set_instance_assignment -name IO_STANDARD "3.3-V LVTTL" -to DRAM_ADDR[2] -entity DE10_Lite was ignored
    Warning (20014): Assignment for entity set_instance_assignment -name IO_STANDARD "3.3-V LVTTL" -to DRAM_ADDR[3] -entity DE10_Lite was ignored
    Warning (20014): Assignment for entity set_instance_assignment -name IO_STANDARD "3.3-V LVTTL" -to DRAM_ADDR[4] -entity DE10_Lite was ignored
    Warning (20014): Assignment for entity set_instance_assignment -name IO_STANDARD "3.3-V LVTTL" -to DRAM_ADDR[5] -entity DE10_Lite was ignored
    Warning (20014): Assignment for entity set_instance_assignment -name IO_STANDARD "3.3-V LVTTL" -to DRAM_ADDR[6] -entity DE10_Lite was ignored
    Warning (20014): Assignment for entity set_instance_assignment -name IO_STANDARD "3.3-V LVTTL" -to DRAM_ADDR[7] -entity DE10_Lite was ignored
    Warning (20014): Assignment for entity set_instance_assignment -name IO_STANDARD "3.3-V LVTTL" -to DRAM_ADDR[8] -entity DE10_Lite was ignored
    Warning (20014): Assignment for entity set_instance_assignment -name IO_STANDARD "3.3-V LVTTL" -to DRAM_ADDR[9] -entity DE10_Lite was ignored
    Warning (20014): Assignment for entity set_instance_assignment -name IO_STANDARD "3.3-V LVTTL" -to DRAM_BA[0] -entity DE10_Lite was ignored
    Warning (20014): Assignment for entity set_instance_assignment -name IO_STANDARD "3.3-V LVTTL" -to DRAM_BA[1] -entity DE10_Lite was ignored
    Warning (20014): Assignment for entity set_instance_assignment -name IO_STANDARD "3.3-V LVTTL" -to DRAM_CAS_N -entity DE10_Lite was ignored
    Warning (20014): Assignment for entity set_instance_assignment -name IO_STANDARD "3.3-V LVTTL" -to DRAM_CKE -entity DE10_Lite was ignored
    Warning (20014): Assignment for entity set_instance_assignment -name IO_STANDARD "3.3-V LVTTL" -to DRAM_CLK -entity DE10_Lite was ignored
    Warning (20014): Assignment for entity set_instance_assignment -name IO_STANDARD "3.3-V LVTTL" -to DRAM_CS_N -entity DE10_Lite was ignored
    Warning (20014): Assignment for entity set_instance_assignment -name IO_STANDARD "3.3-V LVTTL" -to DRAM_DQ[0] -entity DE10_Lite was ignored
    Warning (20014): Assignment for entity set_instance_assignment -name IO_STANDARD "3.3-V LVTTL" -to DRAM_DQ[10] -entity DE10_Lite was ignored
    Warning (20014): Assignment for entity set_instance_assignment -name IO_STANDARD "3.3-V LVTTL" -to DRAM_DQ[11] -entity DE10_Lite was ignored
    Warning (20014): Assignment for entity set_instance_assignment -name IO_STANDARD "3.3-V LVTTL" -to DRAM_DQ[12] -entity DE10_Lite was ignored
    Warning (20014): Assignment for entity set_instance_assignment -name IO_STANDARD "3.3-V LVTTL" -to DRAM_DQ[13] -entity DE10_Lite was ignored
    Warning (20014): Assignment for entity set_instance_assignment -name IO_STANDARD "3.3-V LVTTL" -to DRAM_DQ[14] -entity DE10_Lite was ignored
    Warning (20014): Assignment for entity set_instance_assignment -name IO_STANDARD "3.3-V LVTTL" -to DRAM_DQ[15] -entity DE10_Lite was ignored
    Warning (20014): Assignment for entity set_instance_assignment -name IO_STANDARD "3.3-V LVTTL" -to DRAM_DQ[1] -entity DE10_Lite was ignored
    Warning (20014): Assignment for entity set_instance_assignment -name IO_STANDARD "3.3-V LVTTL" -to DRAM_DQ[2] -entity DE10_Lite was ignored
    Warning (20014): Assignment for entity set_instance_assignment -name IO_STANDARD "3.3-V LVTTL" -to DRAM_DQ[3] -entity DE10_Lite was ignored
    Warning (20014): Assignment for entity set_instance_assignment -name IO_STANDARD "3.3-V LVTTL" -to DRAM_DQ[4] -entity DE10_Lite was ignored
    Warning (20014): Assignment for entity set_instance_assignment -name IO_STANDARD "3.3-V LVTTL" -to DRAM_DQ[5] -entity DE10_Lite was ignored
    Warning (20014): Assignment for entity set_instance_assignment -name IO_STANDARD "3.3-V LVTTL" -to DRAM_DQ[6] -entity DE10_Lite was ignored
    Warning (20014): Assignment for entity set_instance_assignment -name IO_STANDARD "3.3-V LVTTL" -to DRAM_DQ[7] -entity DE10_Lite was ignored
    Warning (20014): Assignment for entity set_instance_assignment -name IO_STANDARD "3.3-V LVTTL" -to DRAM_DQ[8] -entity DE10_Lite was ignored
    Warning (20014): Assignment for entity set_instance_assignment -name IO_STANDARD "3.3-V LVTTL" -to DRAM_DQ[9] -entity DE10_Lite was ignored
    Warning (20014): Assignment for entity set_instance_assignment -name IO_STANDARD "3.3-V LVTTL" -to DRAM_LDQM -entity DE10_Lite was ignored
    Warning (20014): Assignment for entity set_instance_assignment -name IO_STANDARD "3.3-V LVTTL" -to DRAM_RAS_N -entity DE10_Lite was ignored
    Warning (20014): Assignment for entity set_instance_assignment -name IO_STANDARD "3.3-V LVTTL" -to DRAM_UDQM -entity DE10_Lite was ignored
    Warning (20014): Assignment for entity set_instance_assignment -name IO_STANDARD "3.3-V LVTTL" -to DRAM_WE_N -entity DE10_Lite was ignored
    Warning (20014): Assignment for entity set_instance_assignment -name IO_STANDARD "3.3-V LVTTL" -to GPIO[0] -entity DE10_Lite was ignored
    Warning (20014): Assignment for entity set_instance_assignment -name IO_STANDARD "3.3-V LVTTL" -to GPIO[10] -entity DE10_Lite was ignored
    Warning (20014): Assignment for entity set_instance_assignment -name IO_STANDARD "3.3-V LVTTL" -to GPIO[11] -entity DE10_Lite was ignored
    Warning (20014): Assignment for entity set_instance_assignment -name IO_STANDARD "3.3-V LVTTL" -to GPIO[12] -entity DE10_Lite was ignored
    Warning (20014): Assignment for entity set_instance_assignment -name IO_STANDARD "3.3-V LVTTL" -to GPIO[13] -entity DE10_Lite was ignored
    Warning (20014): Assignment for entity set_instance_assignment -name IO_STANDARD "3.3-V LVTTL" -to GPIO[14] -entity DE10_Lite was ignored
    Warning (20014): Assignment for entity set_instance_assignment -name IO_STANDARD "3.3-V LVTTL" -to GPIO[15] -entity DE10_Lite was ignored
    Warning (20014): Assignment for entity set_instance_assignment -name IO_STANDARD "3.3-V LVTTL" -to GPIO[16] -entity DE10_Lite was ignored
    Warning (20014): Assignment for entity set_instance_assignment -name IO_STANDARD "3.3-V LVTTL" -to GPIO[17] -entity DE10_Lite was ignored
    Warning (20014): Assignment for entity set_instance_assignment -name IO_STANDARD "3.3-V LVTTL" -to GPIO[18] -entity DE10_Lite was ignored
    Warning (20014): Assignment for entity set_instance_assignment -name IO_STANDARD "3.3-V LVTTL" -to GPIO[19] -entity DE10_Lite was ignored
    Warning (20014): Assignment for entity set_instance_assignment -name IO_STANDARD "3.3-V LVTTL" -to GPIO[1] -entity DE10_Lite was ignored
    Warning (20014): Assignment for entity set_instance_assignment -name IO_STANDARD "3.3-V LVTTL" -to GPIO[20] -entity DE10_Lite was ignored
    Warning (20014): Assignment for entity set_instance_assignment -name IO_STANDARD "3.3-V LVTTL" -to GPIO[21] -entity DE10_Lite was ignored
    Warning (20014): Assignment for entity set_instance_assignment -name IO_STANDARD "3.3-V LVTTL" -to GPIO[22] -entity DE10_Lite was ignored
    Warning (20014): Assignment for entity set_instance_assignment -name IO_STANDARD "3.3-V LVTTL" -to GPIO[23] -entity DE10_Lite was ignored
    Warning (20014): Assignment for entity set_instance_assignment -name IO_STANDARD "3.3-V LVTTL" -to GPIO[24] -entity DE10_Lite was ignored
    Warning (20014): Assignment for entity set_instance_assignment -name IO_STANDARD "3.3-V LVTTL" -to GPIO[25] -entity DE10_Lite was ignored
    Warning (20014): Assignment for entity set_instance_assignment -name IO_STANDARD "3.3-V LVTTL" -to GPIO[26] -entity DE10_Lite was ignored
    Warning (20014): Assignment for entity set_instance_assignment -name IO_STANDARD "3.3-V LVTTL" -to GPIO[27] -entity DE10_Lite was ignored
    Warning (20014): Assignment for entity set_instance_assignment -name IO_STANDARD "3.3-V LVTTL" -to GPIO[28] -entity DE10_Lite was ignored
    Warning (20014): Assignment for entity set_instance_assignment -name IO_STANDARD "3.3-V LVTTL" -to GPIO[29] -entity DE10_Lite was ignored
    Warning (20014): Assignment for entity set_instance_assignment -name IO_STANDARD "3.3-V LVTTL" -to GPIO[2] -entity DE10_Lite was ignored
    Warning (20014): Assignment for entity set_instance_assignment -name IO_STANDARD "3.3-V LVTTL" -to GPIO[30] -entity DE10_Lite was ignored
    Warning (20014): Assignment for entity set_instance_assignment -name IO_STANDARD "3.3-V LVTTL" -to GPIO[31] -entity DE10_Lite was ignored
    Warning (20014): Assignment for entity set_instance_assignment -name IO_STANDARD "3.3-V LVTTL" -to GPIO[32] -entity DE10_Lite was ignored
    Warning (20014): Assignment for entity set_instance_assignment -name IO_STANDARD "3.3-V LVTTL" -to GPIO[33] -entity DE10_Lite was ignored
    Warning (20014): Assignment for entity set_instance_assignment -name IO_STANDARD "3.3-V LVTTL" -to GPIO[34] -entity DE10_Lite was ignored
    Warning (20014): Assignment for entity set_instance_assignment -name IO_STANDARD "3.3-V LVTTL" -to GPIO[35] -entity DE10_Lite was ignored
    Warning (20014): Assignment for entity set_instance_assignment -name IO_STANDARD "3.3-V LVTTL" -to GPIO[3] -entity DE10_Lite was ignored
    Warning (20014): Assignment for entity set_instance_assignment -name IO_STANDARD "3.3-V LVTTL" -to GPIO[4] -entity DE10_Lite was ignored
    Warning (20014): Assignment for entity set_instance_assignment -name IO_STANDARD "3.3-V LVTTL" -to GPIO[5] -entity DE10_Lite was ignored
    Warning (20014): Assignment for entity set_instance_assignment -name IO_STANDARD "3.3-V LVTTL" -to GPIO[6] -entity DE10_Lite was ignored
    Warning (20014): Assignment for entity set_instance_assignment -name IO_STANDARD "3.3-V LVTTL" -to GPIO[7] -entity DE10_Lite was ignored
    Warning (20014): Assignment for entity set_instance_assignment -name IO_STANDARD "3.3-V LVTTL" -to GPIO[8] -entity DE10_Lite was ignored
    Warning (20014): Assignment for entity set_instance_assignment -name IO_STANDARD "3.3-V LVTTL" -to GPIO[9] -entity DE10_Lite was ignored
    Warning (20014): Assignment for entity set_instance_assignment -name IO_STANDARD "3.3-V LVTTL" -to G_SENSOR_CS_N -entity DE10_Lite was ignored
    Warning (20014): Assignment for entity set_instance_assignment -name IO_STANDARD "3.3-V LVTTL" -to G_SENSOR_INT[1] -entity DE10_Lite was ignored
    Warning (20014): Assignment for entity set_instance_assignment -name IO_STANDARD "3.3-V LVTTL" -to G_SENSOR_INT[2] -entity DE10_Lite was ignored
    Warning (20014): Assignment for entity set_instance_assignment -name IO_STANDARD "3.3-V LVTTL" -to G_SENSOR_SCLK -entity DE10_Lite was ignored
    Warning (20014): Assignment for entity set_instance_assignment -name IO_STANDARD "3.3-V LVTTL" -to G_SENSOR_SDI -entity DE10_Lite was ignored
    Warning (20014): Assignment for entity set_instance_assignment -name IO_STANDARD "3.3-V LVTTL" -to G_SENSOR_SDO -entity DE10_Lite was ignored
    Warning (20014): Assignment for entity set_instance_assignment -name IO_STANDARD "3.3-V LVTTL" -to HEX0[0] -entity DE10_Lite was ignored
    Warning (20014): Assignment for entity set_instance_assignment -name IO_STANDARD "3.3-V LVTTL" -to HEX0[1] -entity DE10_Lite was ignored
    Warning (20014): Assignment for entity set_instance_assignment -name IO_STANDARD "3.3-V LVTTL" -to HEX0[2] -entity DE10_Lite was ignored
    Warning (20014): Assignment for entity set_instance_assignment -name IO_STANDARD "3.3-V LVTTL" -to HEX0[3] -entity DE10_Lite was ignored
    Warning (20014): Assignment for entity set_instance_assignment -name IO_STANDARD "3.3-V LVTTL" -to HEX0[4] -entity DE10_Lite was ignored
    Warning (20014): Assignment for entity set_instance_assignment -name IO_STANDARD "3.3-V LVTTL" -to HEX0[5] -entity DE10_Lite was ignored
    Warning (20014): Assignment for entity set_instance_assignment -name IO_STANDARD "3.3-V LVTTL" -to HEX0[6] -entity DE10_Lite was ignored
    Warning (20014): Assignment for entity set_instance_assignment -name IO_STANDARD "3.3-V LVTTL" -to HEX0[7] -entity DE10_Lite was ignored
    Warning (20014): Assignment for entity set_instance_assignment -name IO_STANDARD "3.3-V LVTTL" -to HEX1[0] -entity DE10_Lite was ignored
    Warning (20014): Assignment for entity set_instance_assignment -name IO_STANDARD "3.3-V LVTTL" -to HEX1[1] -entity DE10_Lite was ignored
    Warning (20014): Assignment for entity set_instance_assignment -name IO_STANDARD "3.3-V LVTTL" -to HEX1[2] -entity DE10_Lite was ignored
    Warning (20014): Assignment for entity set_instance_assignment -name IO_STANDARD "3.3-V LVTTL" -to HEX1[3] -entity DE10_Lite was ignored
    Warning (20014): Assignment for entity set_instance_assignment -name IO_STANDARD "3.3-V LVTTL" -to HEX1[4] -entity DE10_Lite was ignored
    Warning (20014): Assignment for entity set_instance_assignment -name IO_STANDARD "3.3-V LVTTL" -to HEX1[5] -entity DE10_Lite was ignored
    Warning (20014): Assignment for entity set_instance_assignment -name IO_STANDARD "3.3-V LVTTL" -to HEX1[6] -entity DE10_Lite was ignored
    Warning (20014): Assignment for entity set_instance_assignment -name IO_STANDARD "3.3-V LVTTL" -to HEX1[7] -entity DE10_Lite was ignored
    Warning (20014): Assignment for entity set_instance_assignment -name IO_STANDARD "3.3-V LVTTL" -to HEX2[0] -entity DE10_Lite was ignored
    Warning (20014): Assignment for entity set_instance_assignment -name IO_STANDARD "3.3-V LVTTL" -to HEX2[1] -entity DE10_Lite was ignored
    Warning (20014): Assignment for entity set_instance_assignment -name IO_STANDARD "3.3-V LVTTL" -to HEX2[2] -entity DE10_Lite was ignored
    Warning (20014): Assignment for entity set_instance_assignment -name IO_STANDARD "3.3-V LVTTL" -to HEX2[3] -entity DE10_Lite was ignored
    Warning (20014): Assignment for entity set_instance_assignment -name IO_STANDARD "3.3-V LVTTL" -to HEX2[4] -entity DE10_Lite was ignored
    Warning (20014): Assignment for entity set_instance_assignment -name IO_STANDARD "3.3-V LVTTL" -to HEX2[5] -entity DE10_Lite was ignored
    Warning (20014): Assignment for entity set_instance_assignment -name IO_STANDARD "3.3-V LVTTL" -to HEX2[6] -entity DE10_Lite was ignored
    Warning (20014): Assignment for entity set_instance_assignment -name IO_STANDARD "3.3-V LVTTL" -to HEX2[7] -entity DE10_Lite was ignored
    Warning (20014): Assignment for entity set_instance_assignment -name IO_STANDARD "3.3-V LVTTL" -to HEX3[0] -entity DE10_Lite was ignored
    Warning (20014): Assignment for entity set_instance_assignment -name IO_STANDARD "3.3-V LVTTL" -to HEX3[1] -entity DE10_Lite was ignored
    Warning (20014): Assignment for entity set_instance_assignment -name IO_STANDARD "3.3-V LVTTL" -to HEX3[2] -entity DE10_Lite was ignored
    Warning (20014): Assignment for entity set_instance_assignment -name IO_STANDARD "3.3-V LVTTL" -to HEX3[3] -entity DE10_Lite was ignored
    Warning (20014): Assignment for entity set_instance_assignment -name IO_STANDARD "3.3-V LVTTL" -to HEX3[4] -entity DE10_Lite was ignored
    Warning (20014): Assignment for entity set_instance_assignment -name IO_STANDARD "3.3-V LVTTL" -to HEX3[5] -entity DE10_Lite was ignored
    Warning (20014): Assignment for entity set_instance_assignment -name IO_STANDARD "3.3-V LVTTL" -to HEX3[6] -entity DE10_Lite was ignored
    Warning (20014): Assignment for entity set_instance_assignment -name IO_STANDARD "3.3-V LVTTL" -to HEX3[7] -entity DE10_Lite was ignored
    Warning (20014): Assignment for entity set_instance_assignment -name IO_STANDARD "3.3-V LVTTL" -to HEX4[0] -entity DE10_Lite was ignored
    Warning (20014): Assignment for entity set_instance_assignment -name IO_STANDARD "3.3-V LVTTL" -to HEX4[1] -entity DE10_Lite was ignored
    Warning (20014): Assignment for entity set_instance_assignment -name IO_STANDARD "3.3-V LVTTL" -to HEX4[2] -entity DE10_Lite was ignored
    Warning (20014): Assignment for entity set_instance_assignment -name IO_STANDARD "3.3-V LVTTL" -to HEX4[3] -entity DE10_Lite was ignored
    Warning (20014): Assignment for entity set_instance_assignment -name IO_STANDARD "3.3-V LVTTL" -to HEX4[4] -entity DE10_Lite was ignored
    Warning (20014): Assignment for entity set_instance_assignment -name IO_STANDARD "3.3-V LVTTL" -to HEX4[5] -entity DE10_Lite was ignored
    Warning (20014): Assignment for entity set_instance_assignment -name IO_STANDARD "3.3-V LVTTL" -to HEX4[6] -entity DE10_Lite was ignored
    Warning (20014): Assignment for entity set_instance_assignment -name IO_STANDARD "3.3-V LVTTL" -to HEX4[7] -entity DE10_Lite was ignored
    Warning (20014): Assignment for entity set_instance_assignment -name IO_STANDARD "3.3-V LVTTL" -to HEX5[0] -entity DE10_Lite was ignored
    Warning (20014): Assignment for entity set_instance_assignment -name IO_STANDARD "3.3-V LVTTL" -to HEX5[1] -entity DE10_Lite was ignored
    Warning (20014): Assignment for entity set_instance_assignment -name IO_STANDARD "3.3-V LVTTL" -to HEX5[2] -entity DE10_Lite was ignored
    Warning (20014): Assignment for entity set_instance_assignment -name IO_STANDARD "3.3-V LVTTL" -to HEX5[3] -entity DE10_Lite was ignored
    Warning (20014): Assignment for entity set_instance_assignment -name IO_STANDARD "3.3-V LVTTL" -to HEX5[4] -entity DE10_Lite was ignored
    Warning (20014): Assignment for entity set_instance_assignment -name IO_STANDARD "3.3-V LVTTL" -to HEX5[5] -entity DE10_Lite was ignored
    Warning (20014): Assignment for entity set_instance_assignment -name IO_STANDARD "3.3-V LVTTL" -to HEX5[6] -entity DE10_Lite was ignored
    Warning (20014): Assignment for entity set_instance_assignment -name IO_STANDARD "3.3-V LVTTL" -to HEX5[7] -entity DE10_Lite was ignored
    Warning (20014): Assignment for entity set_instance_assignment -name IO_STANDARD "3.3 V SCHMITT TRIGGER" -to KEY[0] -entity DE10_Lite was ignored
    Warning (20014): Assignment for entity set_instance_assignment -name IO_STANDARD "3.3 V SCHMITT TRIGGER" -to KEY[1] -entity DE10_Lite was ignored
    Warning (20014): Assignment for entity set_instance_assignment -name IO_STANDARD "3.3-V LVTTL" -to LEDR[0] -entity DE10_Lite was ignored
    Warning (20014): Assignment for entity set_instance_assignment -name IO_STANDARD "3.3-V LVTTL" -to LEDR[1] -entity DE10_Lite was ignored
    Warning (20014): Assignment for entity set_instance_assignment -name IO_STANDARD "3.3-V LVTTL" -to LEDR[2] -entity DE10_Lite was ignored
    Warning (20014): Assignment for entity set_instance_assignment -name IO_STANDARD "3.3-V LVTTL" -to LEDR[3] -entity DE10_Lite was ignored
    Warning (20014): Assignment for entity set_instance_assignment -name IO_STANDARD "3.3-V LVTTL" -to LEDR[4] -entity DE10_Lite was ignored
    Warning (20014): Assignment for entity set_instance_assignment -name IO_STANDARD "3.3-V LVTTL" -to LEDR[5] -entity DE10_Lite was ignored
    Warning (20014): Assignment for entity set_instance_assignment -name IO_STANDARD "3.3-V LVTTL" -to LEDR[6] -entity DE10_Lite was ignored
    Warning (20014): Assignment for entity set_instance_assignment -name IO_STANDARD "3.3-V LVTTL" -to LEDR[7] -entity DE10_Lite was ignored
    Warning (20014): Assignment for entity set_instance_assignment -name IO_STANDARD "3.3-V LVTTL" -to LEDR[8] -entity DE10_Lite was ignored
    Warning (20014): Assignment for entity set_instance_assignment -name IO_STANDARD "3.3-V LVTTL" -to LEDR[9] -entity DE10_Lite was ignored
    Warning (20014): Assignment for entity set_instance_assignment -name IO_STANDARD "3.3-V LVTTL" -to SW[0] -entity DE10_Lite was ignored
    Warning (20014): Assignment for entity set_instance_assignment -name IO_STANDARD "3.3-V LVTTL" -to SW[1] -entity DE10_Lite was ignored
    Warning (20014): Assignment for entity set_instance_assignment -name IO_STANDARD "3.3-V LVTTL" -to SW[2] -entity DE10_Lite was ignored
    Warning (20014): Assignment for entity set_instance_assignment -name IO_STANDARD "3.3-V LVTTL" -to SW[3] -entity DE10_Lite was ignored
    Warning (20014): Assignment for entity set_instance_assignment -name IO_STANDARD "3.3-V LVTTL" -to SW[4] -entity DE10_Lite was ignored
    Warning (20014): Assignment for entity set_instance_assignment -name IO_STANDARD "3.3-V LVTTL" -to SW[5] -entity DE10_Lite was ignored
    Warning (20014): Assignment for entity set_instance_assignment -name IO_STANDARD "3.3-V LVTTL" -to SW[6] -entity DE10_Lite was ignored
    Warning (20014): Assignment for entity set_instance_assignment -name IO_STANDARD "3.3-V LVTTL" -to SW[7] -entity DE10_Lite was ignored
    Warning (20014): Assignment for entity set_instance_assignment -name IO_STANDARD "3.3-V LVTTL" -to SW[8] -entity DE10_Lite was ignored
    Warning (20014): Assignment for entity set_instance_assignment -name IO_STANDARD "3.3-V LVTTL" -to SW[9] -entity DE10_Lite was ignored
    Warning (20014): Assignment for entity set_instance_assignment -name IO_STANDARD "3.3-V LVTTL" -to VGA_B[0] -entity DE10_Lite was ignored
    Warning (20014): Assignment for entity set_instance_assignment -name IO_STANDARD "3.3-V LVTTL" -to VGA_B[1] -entity DE10_Lite was ignored
    Warning (20014): Assignment for entity set_instance_assignment -name IO_STANDARD "3.3-V LVTTL" -to VGA_B[2] -entity DE10_Lite was ignored
    Warning (20014): Assignment for entity set_instance_assignment -name IO_STANDARD "3.3-V LVTTL" -to VGA_B[3] -entity DE10_Lite was ignored
    Warning (20014): Assignment for entity set_instance_assignment -name IO_STANDARD "3.3-V LVTTL" -to VGA_G[0] -entity DE10_Lite was ignored
    Warning (20014): Assignment for entity set_instance_assignment -name IO_STANDARD "3.3-V LVTTL" -to VGA_G[1] -entity DE10_Lite was ignored
    Warning (20014): Assignment for entity set_instance_assignment -name IO_STANDARD "3.3-V LVTTL" -to VGA_G[2] -entity DE10_Lite was ignored
    Warning (20014): Assignment for entity set_instance_assignment -name IO_STANDARD "3.3-V LVTTL" -to VGA_G[3] -entity DE10_Lite was ignored
    Warning (20014): Assignment for entity set_instance_assignment -name IO_STANDARD "3.3-V LVTTL" -to VGA_HS -entity DE10_Lite was ignored
    Warning (20014): Assignment for entity set_instance_assignment -name IO_STANDARD "3.3-V LVTTL" -to VGA_R[0] -entity DE10_Lite was ignored
    Warning (20014): Assignment for entity set_instance_assignment -name IO_STANDARD "3.3-V LVTTL" -to VGA_R[1] -entity DE10_Lite was ignored
    Warning (20014): Assignment for entity set_instance_assignment -name IO_STANDARD "3.3-V LVTTL" -to VGA_R[2] -entity DE10_Lite was ignored
    Warning (20014): Assignment for entity set_instance_assignment -name IO_STANDARD "3.3-V LVTTL" -to VGA_R[3] -entity DE10_Lite was ignored
    Warning (20014): Assignment for entity set_instance_assignment -name IO_STANDARD "3.3-V LVTTL" -to VGA_VS -entity DE10_Lite was ignored
Info (16010): Generating hard_block partition "hard_block:auto_generated_inst"
    Info (16011): Adding 0 node(s), including 0 DDIO, 0 PLL, 0 transceiver and 0 LCELL
Warning (21074): Design contains 3 input pin(s) that do not drive logic
    Warning (15610): No output dependent on input pin "KEY[1]" File: C:/Users/Jacob/Downloads/guess_game_template_restored/two_player_tester.vhd Line: 11
    Warning (15610): No output dependent on input pin "KEY[2]" File: C:/Users/Jacob/Downloads/guess_game_template_restored/two_player_tester.vhd Line: 11
    Warning (15610): No output dependent on input pin "KEY[3]" File: C:/Users/Jacob/Downloads/guess_game_template_restored/two_player_tester.vhd Line: 11
Info (21057): Implemented 111 device resources after synthesis - the final resource count might be different
    Info (21058): Implemented 14 input pins
    Info (21059): Implemented 21 output pins
    Info (21061): Implemented 76 logic cells
Info: Quartus Prime Analysis & Synthesis was successful. 0 errors, 233 warnings
    Info: Peak virtual memory: 4810 megabytes
    Info: Processing ended: Wed Nov 29 20:05:02 2023
    Info: Elapsed time: 00:00:11
    Info: Total CPU time (on all processors): 00:00:11


