Restore Archived Project report for guess_game
Mon Nov 27 13:44:49 2023
Quartus Prime Version 21.1.1 Build 850 06/23/2022 SJ Lite Edition


---------------------
; Table of Contents ;
---------------------
  1. Legal Notice
  2. Restore Archived Project Summary
  3. Restore Archived Project Messages
  4. Files Restored
  5. Files Not Restored



----------------
; Legal Notice ;
----------------
Copyright (C) 2022  Intel Corporation. All rights reserved.
Your use of Intel Corporation's design tools, logic functions 
and other software and tools, and any partner logic 
functions, and any output files from any of the foregoing 
(including device programming or simulation files), and any 
associated documentation or information are expressly subject 
to the terms and conditions of the Intel Program License 
Subscription Agreement, the Intel Quartus Prime License Agreement,
the Intel FPGA IP License Agreement, or other applicable license
agreement, including, without limitation, that your use is for
the sole purpose of programming logic devices manufactured by
Intel and sold by Intel or its authorized distributors.  Please
refer to the applicable agreement for further details, at
https://fpgasoftware.intel.com/eula.



+-------------------------------------------------------------------------+
; Restore Archived Project Summary                                        ;
+---------------------------------+---------------------------------------+
; Restore Archived Project Status ; Successful - Mon Nov 27 13:44:49 2023 ;
; Revision Name                   ; guess_game                            ;
; Top-level Entity Name           ; guess_game_tester                     ;
; Family                          ; MAX 10                                ;
+---------------------------------+---------------------------------------+


+-----------------------------------+
; Restore Archived Project Messages ;
+-----------------------------------+
Info: Successfully restored 'C:/Users/Jacob/Downloads/guess_game_template.qar' into the 'C:/Users/Jacob/Downloads/guess_game_template_restored/' directory
Info: Generated report 'guess_game.restore.rpt'
Info (23030): Evaluation of Tcl script c:/intelfpga_lite/21.1/quartus/common/tcl/apps/qpm/qar.tcl was successful
Info: Quartus Prime Shell was successful. 0 errors, 13 warnings
    Info: Peak virtual memory: 4831 megabytes
    Info: Processing ended: Mon Nov 27 13:44:49 2023
    Info: Elapsed time: 00:00:01
    Info: Total CPU time (on all processors): 00:00:00


+----------------+
; Files Restored ;
+----------------+
; File Name      ;
+----------------+


+------------------------------------+
; Files Not Restored                 ;
+------------------------------------+
; File Name                          ;
+------------------------------------+
; qar_info.json                      ;
; assignment_defaults.qdf            ;
; bin2hex.vhd                        ;
; compare.vhd                        ;
; guess_game.qpf                     ;
; guess_game.qsf                     ;
; guess_game.vhd                     ;
; guess_game_assignment_defaults.qdf ;
; guess_game_tester.vhd              ;
; latch.vhd                          ;
; mux1.vhd                           ;
; mux2.vhd                           ;
+------------------------------------+


